[attracionemen.com.br/index.html]
[backblue.gif]
[fade.gif]
[index.html]
[attracionemen.com.br/wp-content/themes/hello-elementor/style.minb12b.css]
[attracionemen.com.br/wp-content/themes/hello-elementor/theme.minb12b.css]
[attracionemen.com.br/feed/index.html]
[attracionemen.com.br/wp-content/themes/hello-elementor/header-footer.minb12b.css]
[attracionemen.com.br/wp-content/plugins/elementor/assets/css/frontend.min18be.css]
[attracionemen.com.br/comments/feed/index.html]
[attracionemen.com.br/wp-content/uploads/elementor/css/post-56cb5.css]
[attracionemen.com.br/wp-content/plugins/elementor/assets/lib/swiper/v8/css/swiper.min94a4.css]
[attracionemen.com.br/wp-content/plugins/elementor/assets/css/conditionals/e-swiper.min18be.css]
[attracionemen.com.br/wp-content/plugins/elementor-pro/assets/css/frontend.min4d52.css]
[attracionemen.com.br/wp-content/plugins/elementor/assets/css/widget-image.min18be.css]
[attracionemen.com.br/wp-content/plugins/elementor/assets/css/widget-heading.min18be.css]
[attracionemen.com.br/wp-content/plugins/elementor/assets/css/widget-image-carousel.min18be.css]
[attracionemen.com.br/wp-content/plugins/elementor/assets/css/widget-icon-list.min18be.css]
[attracionemen.com.br/wp-content/plugins/elementor/assets/css/widget-divider.min18be.css]
[attracionemen.com.br/wp-content/plugins/elementor/assets/css/widget-text-editor.min18be.css]
[attracionemen.com.br/wp-content/plugins/elementor/assets/css/widget-nested-accordion.min18be.css]
[attracionemen.com.br/wp-content/uploads/elementor/css/post-73c2d.css]
[attracionemen.com.br/wp-includes/js/jquery/jquery.minf43b.js]
[attracionemen.com.br/wp-includes/js/jquery/jquery-migrate.min5589.js]
[attracionemen.com.br/wp-json/wp/v2/pages/7.json]
[attracionemen.com.br/xmlrpc0db0.php]
[attracionemen.com.br/wp-json/index.html]
[attracionemen.com.br/wp-json/oembed/1.0/embed903a.json]
[attracionemen.com.br/wp-json/oembed/1.0/embed7dce]
[attracionemen.com.br/document.location.href]
[attracionemen.com.br/links[i].href]
[attracionemen.com.br/window.location.href]
[attracionemen.com.br/baseUrl]
[attracionemen.com.br/wp-content/uploads/2024/11/cropped-faviconattr-Copia-32x32.webp]
[attracionemen.com.br/wp-content/uploads/2024/11/cropped-faviconattr-Copia-192x192.webp]
[attracionemen.com.br/wp-content/uploads/2024/11/cropped-faviconattr-Copia-180x180.webp]
[attracionemen.com.br/wp-content/uploads/2024/11/attracione-men-preta.png]
[attracionemen.com.br/wp-content/uploads/2024/11/foto4de5attracionemen.webp]
[attracionemen.com.br/wp-content/uploads/2024/11/Foto1de5paginattracionemen.webp]
[attracionemen.com.br/wp-content/uploads/2024/11/Foto3de5paginattracionemen.webp]
[attracionemen.com.br/wp-content/uploads/2024/11/Foto2de5paginattracionemen.webp]
[attracionemen.com.br/wp-content/uploads/2024/11/foto5de5attracionemen.webp]
[attracionemen.com.br/wp-content/uploads/2024/11/icongarantia.webp]
[attracionemen.com.br/wp-content/uploads/2024/11/iconfrete-gratis.webp]
[attracionemen.com.br/wp-content/uploads/2024/11/terra-logo.webp]
[attracionemen.com.br/wp-content/uploads/2024/11/folha-de-s-paulo.webp]
[attracionemen.com.br/wp-content/uploads/2024/11/metropoles.webp]
[attracionemen.com.br/wp-content/uploads/2024/11/sbticon.webp]
[images.converteai.net/f04f0ecc-f102-4f2c-90bf-0581be9dc00b/players/6736526734e089000a403727/thumbnail.jpg]
[scripts.converteai.net/f04f0ecc-f102-4f2c-90bf-0581be9dc00b/players/6736526734e089000a403727/player.js]
[attracionemen.com.br/wp-content/uploads/2024/11/deteccao.webp]
[attracionemen.com.br/wp-content/uploads/2024/11/resposta-cerebral.webp]
[attracionemen.com.br/wp-content/uploads/2024/11/seducao.webp]
[attracionemen.com.br/wp-content/uploads/2024/11/attracione-men.png]
[attracionemen.com.br/wp-content/uploads/2024/11/800px-Estratetraenol_chemical_structure.png]
[attracionemen.com.br/wp-content/uploads/2024/11/starticon.webp]
[images.converteai.net/f04f0ecc-f102-4f2c-90bf-0581be9dc00b/players/673c0731d6d76c000b121590/thumbnail.jpg]
[scripts.converteai.net/f04f0ecc-f102-4f2c-90bf-0581be9dc00b/players/673c0731d6d76c000b121590/player.js]
[images.converteai.net/f04f0ecc-f102-4f2c-90bf-0581be9dc00b/players/673c07d8965510000bc1e855/thumbnail.jpg]
[scripts.converteai.net/f04f0ecc-f102-4f2c-90bf-0581be9dc00b/players/673c07d8965510000bc1e855/player.js]
[images.converteai.net/f04f0ecc-f102-4f2c-90bf-0581be9dc00b/players/673c092584647c000a12748e/thumbnail.jpg]
[scripts.converteai.net/f04f0ecc-f102-4f2c-90bf-0581be9dc00b/players/673c092584647c000a12748e/player.js]
[attracionemen.com.br/wp-content/uploads/2024/11/H2_Foto_Attracione_Men_copiar.jpg]
[attracionemen.com.br/wp-content/uploads/2024/11/oferta1un.webp]
[attracionemen.com.br/wp-content/uploads/2024/11/compra-segura-2.png]
[attracionemen.com.br/wp-content/uploads/2024/11/oferta3un.webp]
[attracionemen.com.br/wp-content/uploads/2024/11/oferta2UN.webp]
[attracionemen.com.br/wp-content/uploads/2024/11/icons-siteseguro.png]
[diffuser-cdn.app-us1.com/diffuser/diffuser.js]
[attracionemen.com.br/politicas-de-privacidade/index.html]
[attracionemen.com.br/wp-content/themes/hello-elementor/assets/js/hello-frontend.minb12b.js]
[attracionemen.com.br/trocas-e-devolucoes/index.html]
[attracionemen.com.br/envios-e-prazos/index.html]
[attracionemen.com.br/wp-content/plugins/elementor-pro/assets/lib/smartmenus/jquery.smartmenus.min1576.js]
[attracionemen.com.br/wp-content/plugins/elementor-pro/assets/js/webpack-pro.runtime.min4d52.js]
[attracionemen.com.br/wp-content/plugins/elementor/assets/js/webpack.runtime.min18be.js]
[attracionemen.com.br/wp-content/plugins/elementor/assets/js/frontend-modules.min18be.js]
[attracionemen.com.br/wp-includes/js/dist/hooks.min2757.js]
[attracionemen.com.br/wp-includes/js/dist/i18n.minc33c.js]
[attracionemen.com.br/wp-content/plugins/elementor-pro/assets/js/frontend.min4d52.js]
[attracionemen.com.br/wp-includes/js/jquery/ui/core.minb37e.js]
[attracionemen.com.br/wp-content/plugins/elementor/assets/js/frontend.min18be.js]
[attracionemen.com.br/wp-content/plugins/elementor-pro/assets/js/elements-handlers.min4d52.js]
[attracionemen.com.br/index.html]
[attracionemen.com.br/wp-content/themes/hello-elementor/style.minb12b.css]
[attracionemen.com.br/wp-content/themes/hello-elementor/theme.minb12b.css]
[attracionemen.com.br/wp-content/themes/hello-elementor/header-footer.minb12b.css]
[attracionemen.com.br/wp-content/plugins/elementor/assets/css/frontend.min18be.css]
[attracionemen.com.br/wp-content/uploads/elementor/css/post-56cb5.css]
[attracionemen.com.br/wp-content/plugins/elementor/assets/lib/swiper/v8/css/swiper.min94a4.css]
[attracionemen.com.br/wp-content/plugins/elementor/assets/css/conditionals/e-swiper.min18be.css]
[attracionemen.com.br/wp-content/plugins/elementor-pro/assets/css/frontend.min4d52.css]
[attracionemen.com.br/wp-content/plugins/elementor/assets/css/widget-image.min18be.css]
[attracionemen.com.br/wp-content/plugins/elementor/assets/css/widget-heading.min18be.css]
[attracionemen.com.br/wp-content/plugins/elementor/assets/css/widget-image-carousel.min18be.css]
[attracionemen.com.br/wp-content/plugins/elementor/assets/css/widget-icon-list.min18be.css]
[attracionemen.com.br/wp-content/plugins/elementor/assets/css/widget-divider.min18be.css]
[attracionemen.com.br/wp-content/plugins/elementor/assets/css/widget-text-editor.min18be.css]
[attracionemen.com.br/wp-content/plugins/elementor/assets/css/widget-nested-accordion.min18be.css]
[attracionemen.com.br/wp-content/uploads/elementor/css/post-73c2d.css]
[attracionemen.com.br/document.location.html]
[attracionemen.com.br/links[i].html]
[www.googletagmanager.com/gtm5445.html]
[attracionemen.com.br/window.location.html]
[attracionemen.com.br/baseUrl.html]
[attracionemen.com.br/wp-content/uploads/elementor/css/post-20679c4.css]
[attracionemen.com.br/wp-json/wp/v2/pages/206.json]
[attracionemen.com.br/wp-json/oembed/1.0/embed57a6.json]
[attracionemen.com.br/wp-json/oembed/1.0/embed67c0]
[attracionemen.com.br/politicas-de-privacidade/document.location.href]
[attracionemen.com.br/politicas-de-privacidade/links[i].href]
[attracionemen.com.br/politicas-de-privacidade/window.location.href]
[attracionemen.com.br/politicas-de-privacidade/baseUrl]
[attracionemen.com.br/politicas-de-privacidade/index.html]
[attracionemen.com.br/wp-content/uploads/elementor/css/post-201fac5.css]
[attracionemen.com.br/wp-json/wp/v2/pages/201.json]
[attracionemen.com.br/wp-json/oembed/1.0/embed19e9.json]
[attracionemen.com.br/wp-json/oembed/1.0/embedb7c8]
[attracionemen.com.br/envios-e-prazos/document.location.href]
[attracionemen.com.br/envios-e-prazos/links[i].href]
[attracionemen.com.br/envios-e-prazos/window.location.href]
[attracionemen.com.br/envios-e-prazos/baseUrl]
[attracionemen.com.br/envios-e-prazos/index.html]
[attracionemen.com.br/wp-content/uploads/elementor/css/post-194f5c4.css]
[attracionemen.com.br/wp-json/wp/v2/pages/194.json]
[attracionemen.com.br/wp-json/oembed/1.0/embed09b7.json]
[attracionemen.com.br/wp-json/oembed/1.0/embed5fa3]
[attracionemen.com.br/trocas-e-devolucoes/document.location.href]
[attracionemen.com.br/trocas-e-devolucoes/links[i].href]
[attracionemen.com.br/trocas-e-devolucoes/window.location.href]
[attracionemen.com.br/trocas-e-devolucoes/baseUrl]
[attracionemen.com.br/trocas-e-devolucoes/index.html]
[attracionemen.com.br/wp-content/uploads/elementor/css/post-20679c4.css]
[attracionemen.com.br/index1e11.html]
[attracionemen.com.br/politicas-de-privacidade/document.location.html]
[attracionemen.com.br/politicas-de-privacidade/links[i].html]
[attracionemen.com.br/politicas-de-privacidade/window.location.html]
[attracionemen.com.br/politicas-de-privacidade/baseUrl.html]
[attracionemen.com.br/wp-content/uploads/elementor/css/post-201fac5.css]
[attracionemen.com.br/index5721.html]
[attracionemen.com.br/envios-e-prazos/document.location.html]
[attracionemen.com.br/envios-e-prazos/links[i].html]
[attracionemen.com.br/envios-e-prazos/window.location.html]
[attracionemen.com.br/envios-e-prazos/baseUrl.html]
[attracionemen.com.br/wp-content/uploads/elementor/css/post-194f5c4.css]
[attracionemen.com.br/indexc8fa.html]
[attracionemen.com.br/trocas-e-devolucoes/document.location.html]
[attracionemen.com.br/trocas-e-devolucoes/links[i].html]
[attracionemen.com.br/trocas-e-devolucoes/window.location.html]
[attracionemen.com.br/trocas-e-devolucoes/baseUrl.html]
